#-----------------------------------------------------------
# Vivado v2023.2.2 (64-bit)
# SW Build 4126759 on Thu Feb  8 23:52:05 MST 2024
# IP Build 4126054 on Fri Feb  9 11:39:09 MST 2024
# SharedData Build 4115275 on Tue Jan 30 00:40:57 MST 2024
# Start of session at: Sun Jun 16 19:03:24 2024
# Process ID: 184815
# Current directory: /home/goodkook/ETRI050_DesignKit/devel/Ref_Design/CPU_6502/emulation/Vivado/cpu_wrapper_RT2
# Command line: vivado
# Log file: /home/goodkook/ETRI050_DesignKit/devel/Ref_Design/CPU_6502/emulation/Vivado/cpu_wrapper_RT2/vivado.log
# Journal file: /home/goodkook/ETRI050_DesignKit/devel/Ref_Design/CPU_6502/emulation/Vivado/cpu_wrapper_RT2/vivado.jou
# Running On: GoodKook-Skull, OS: Linux, CPU Frequency: 3095.997 MHz, CPU Physical cores: 4, Host memory: 16731 MB
#-----------------------------------------------------------
start_gui
create_project cpu_wrapper_RT2 . -part xc7a100tcsg324-1
set_property board_part digilentinc.com:arty-a7-100:part0:1.1 [current_project]
set_property design_mode GateLvl [current_fileset]
add_files -norecurse /home/goodkook/ETRI050_DesignKit/devel/Ref_Design/CPU_6502/emulation/Vivado/cpu_wrapper_RT2/synthesis/cpu_wrapper.v
add_files -fileset constrs_1 -norecurse /home/goodkook/ETRI050_DesignKit/devel/Ref_Design/CPU_6502/emulation/Vivado/CPU_6502_RT2/cpu_wrapper_RT2.srcs/constrs_1/imports/digilent-xdc-master/Arty-A7-100-Master.xdc
import_files -fileset constrs_1 /home/goodkook/ETRI050_DesignKit/devel/Ref_Design/CPU_6502/emulation/Vivado/CPU_6502_RT2/cpu_wrapper_RT2.srcs/constrs_1/imports/digilent-xdc-master/Arty-A7-100-Master.xdc
launch_runs impl_1 -to_step write_bitstream -jobs 4
set_property top cpu_wrapper [current_fileset]
launch_runs impl_1 -to_step write_bitstream -jobs 4
wait_on_run impl_1
reset_run impl_1
launch_runs impl_1 -to_step write_bitstream -jobs 4
wait_on_run impl_1
open_hw_manager
connect_hw_server -url localhost:3121 -allow_non_jtag
current_hw_target [get_hw_targets */xilinx_tcf/Digilent/210319B9B157A]
set_property PARAM.FREQUENCY 15000000 [get_hw_targets */xilinx_tcf/Digilent/210319B9B157A]
open_hw_target
set_property PROGRAM.FILE {/home/goodkook/ETRI050_DesignKit/devel/Ref_Design/CPU_6502/emulation/Vivado/cpu_wrapper_RT2/cpu_wrapper_RT2.runs/impl_1/cpu_wrapper.bit} [get_hw_devices xc7a100t_0]
current_hw_device [get_hw_devices xc7a100t_0]
refresh_hw_device -update_hw_probes false [lindex [get_hw_devices xc7a100t_0] 0]
set_property PROBES.FILE {} [get_hw_devices xc7a100t_0]
set_property FULL_PROBES.FILE {} [get_hw_devices xc7a100t_0]
set_property PROGRAM.FILE {/home/goodkook/ETRI050_DesignKit/devel/Ref_Design/CPU_6502/emulation/Vivado/cpu_wrapper_RT2/cpu_wrapper_RT2.runs/impl_1/cpu_wrapper.bit} [get_hw_devices xc7a100t_0]
program_hw_devices [get_hw_devices xc7a100t_0]
refresh_hw_device [lindex [get_hw_devices xc7a100t_0] 0]
reset_run impl_1
launch_runs impl_1 -to_step write_bitstream -jobs 4
wait_on_run impl_1
set_property PROBES.FILE {} [get_hw_devices xc7a100t_0]
set_property FULL_PROBES.FILE {} [get_hw_devices xc7a100t_0]
set_property PROGRAM.FILE {/home/goodkook/ETRI050_DesignKit/devel/Ref_Design/CPU_6502/emulation/Vivado/cpu_wrapper_RT2/cpu_wrapper_RT2.runs/impl_1/cpu_wrapper.bit} [get_hw_devices xc7a100t_0]
program_hw_devices [get_hw_devices xc7a100t_0]
refresh_hw_device [lindex [get_hw_devices xc7a100t_0] 0]
reset_run impl_1
launch_runs impl_1 -to_step write_bitstream -jobs 4
wait_on_run impl_1
set_property PROBES.FILE {} [get_hw_devices xc7a100t_0]
set_property FULL_PROBES.FILE {} [get_hw_devices xc7a100t_0]
set_property PROGRAM.FILE {/home/goodkook/ETRI050_DesignKit/devel/Ref_Design/CPU_6502/emulation/Vivado/cpu_wrapper_RT2/cpu_wrapper_RT2.runs/impl_1/cpu_wrapper.bit} [get_hw_devices xc7a100t_0]
program_hw_devices [get_hw_devices xc7a100t_0]
refresh_hw_device [lindex [get_hw_devices xc7a100t_0] 0]
reset_run impl_1
launch_runs impl_1 -to_step write_bitstream -jobs 4
wait_on_run impl_1
set_property PROBES.FILE {} [get_hw_devices xc7a100t_0]
set_property FULL_PROBES.FILE {} [get_hw_devices xc7a100t_0]
set_property PROGRAM.FILE {/home/goodkook/ETRI050_DesignKit/devel/Ref_Design/CPU_6502/emulation/Vivado/cpu_wrapper_RT2/cpu_wrapper_RT2.runs/impl_1/cpu_wrapper.bit} [get_hw_devices xc7a100t_0]
program_hw_devices [get_hw_devices xc7a100t_0]
refresh_hw_device [lindex [get_hw_devices xc7a100t_0] 0]
reset_run impl_1
launch_runs impl_1 -to_step write_bitstream -jobs 4
wait_on_run impl_1
set_property PROBES.FILE {} [get_hw_devices xc7a100t_0]
set_property FULL_PROBES.FILE {} [get_hw_devices xc7a100t_0]
set_property PROGRAM.FILE {/home/goodkook/ETRI050_DesignKit/devel/Ref_Design/CPU_6502/emulation/Vivado/cpu_wrapper_RT2/cpu_wrapper_RT2.runs/impl_1/cpu_wrapper.bit} [get_hw_devices xc7a100t_0]
program_hw_devices [get_hw_devices xc7a100t_0]
refresh_hw_device [lindex [get_hw_devices xc7a100t_0] 0]
reset_run impl_1
launch_runs impl_1 -to_step write_bitstream -jobs 4
wait_on_run impl_1
set_property PROBES.FILE {} [get_hw_devices xc7a100t_0]
set_property FULL_PROBES.FILE {} [get_hw_devices xc7a100t_0]
set_property PROGRAM.FILE {/home/goodkook/ETRI050_DesignKit/devel/Ref_Design/CPU_6502/emulation/Vivado/cpu_wrapper_RT2/cpu_wrapper_RT2.runs/impl_1/cpu_wrapper.bit} [get_hw_devices xc7a100t_0]
program_hw_devices [get_hw_devices xc7a100t_0]
refresh_hw_device [lindex [get_hw_devices xc7a100t_0] 0]
reset_run impl_1
launch_runs impl_1 -to_step write_bitstream -jobs 4
wait_on_run impl_1
disconnect_hw_server localhost:3121
connect_hw_server -url localhost:3121 -allow_non_jtag
current_hw_target [get_hw_targets */xilinx_tcf/Digilent/210319B9B157A]
set_property PARAM.FREQUENCY 15000000 [get_hw_targets */xilinx_tcf/Digilent/210319B9B157A]
open_hw_target
set_property PROGRAM.FILE {/home/goodkook/ETRI050_DesignKit/devel/Ref_Design/CPU_6502/emulation/Vivado/cpu_wrapper_RT2/cpu_wrapper_RT2.runs/impl_1/cpu_wrapper.bit} [get_hw_devices xc7a100t_0]
current_hw_device [get_hw_devices xc7a100t_0]
refresh_hw_device -update_hw_probes false [lindex [get_hw_devices xc7a100t_0] 0]
set_property PROBES.FILE {} [get_hw_devices xc7a100t_0]
set_property FULL_PROBES.FILE {} [get_hw_devices xc7a100t_0]
set_property PROGRAM.FILE {/home/goodkook/ETRI050_DesignKit/devel/Ref_Design/CPU_6502/emulation/Vivado/cpu_wrapper_RT2/cpu_wrapper_RT2.runs/impl_1/cpu_wrapper.bit} [get_hw_devices xc7a100t_0]
program_hw_devices [get_hw_devices xc7a100t_0]
refresh_hw_device [lindex [get_hw_devices xc7a100t_0] 0]
