Copyright 1986-2022 Xilinx, Inc. All Rights Reserved. Copyright 2022-2024 Advanced Micro Devices, Inc. All Rights Reserved.
---------------------------------------------------------------------------------------------------------------------------------------------
| Tool Version : Vivado v.2023.2.2 (lin64) Build 4126759 Thu Feb  8 23:52:05 MST 2024
| Date         : Mon Jun 17 22:44:26 2024
| Host         : GoodKook-Skull running 64-bit Ubuntu 20.04.6 LTS
| Command      : report_control_sets -verbose -file cpu_wrapper_control_sets_placed.rpt
| Design       : cpu_wrapper
| Device       : xc7a100t
---------------------------------------------------------------------------------------------------------------------------------------------

Control Set Information

Table of Contents
-----------------
1. Summary
2. Histogram
3. Flip-Flop Distribution
4. Detailed Control Set Information

1. Summary
----------

+----------------------------------------------------------+-------+
|                          Status                          | Count |
+----------------------------------------------------------+-------+
| Total control sets                                       |    32 |
|    Minimum number of control sets                        |    32 |
|    Addition due to synthesis replication                 |     0 |
|    Addition due to physical synthesis replication        |     0 |
| Unused register locations in slices containing registers |   105 |
+----------------------------------------------------------+-------+
* Control sets can be merged at opt_design using control_set_merge or merge_equivalent_drivers
** Run report_qor_suggestions for automated merging and remapping suggestions


2. Histogram
------------

+--------------------+-------+
|       Fanout       | Count |
+--------------------+-------+
| Total control sets |    32 |
| >= 0 to < 4        |    12 |
| >= 4 to < 6        |     1 |
| >= 6 to < 8        |     1 |
| >= 8 to < 10       |    12 |
| >= 10 to < 12      |     0 |
| >= 12 to < 14      |     0 |
| >= 14 to < 16      |     0 |
| >= 16              |     6 |
+--------------------+-------+
* Control sets can be remapped at either synth_design or opt_design


3. Flip-Flop Distribution
-------------------------

+--------------+-----------------------+------------------------+-----------------+--------------+
| Clock Enable | Synchronous Set/Reset | Asynchronous Set/Reset | Total Registers | Total Slices |
+--------------+-----------------------+------------------------+-----------------+--------------+
| No           | No                    | No                     |               4 |            1 |
| No           | No                    | Yes                    |              24 |           20 |
| No           | Yes                   | No                     |               0 |            0 |
| Yes          | No                    | No                     |             123 |           47 |
| Yes          | No                    | Yes                    |             136 |           73 |
| Yes          | Yes                   | No                     |               0 |            0 |
+--------------+-----------------------+------------------------+-----------------+--------------+


4. Detailed Control Set Information
-----------------------------------

+--------------+---------------+------------------+------------------+----------------+--------------+
| Clock Signal | Enable Signal | Set/Reset Signal | Slice Load Count | Bel Load Count | Bels / Slice |
+--------------+---------------+------------------+------------------+----------------+--------------+
|  u_cpu.clk   | _0269_        | _0422_[0]        |                1 |              1 |         1.00 |
|  u_cpu.clk   | _0256_        | _0422_[0]        |                1 |              1 |         1.00 |
|  u_cpu.clk   | _0267_        | _0422_[0]        |                1 |              1 |         1.00 |
|  u_cpu.clk   | _0092_[0]     | _0422_[0]        |                1 |              1 |         1.00 |
|  u_cpu.clk   | _0257_        | _0422_[0]        |                1 |              1 |         1.00 |
|  u_cpu.clk   | _0268_        | _0422_[0]        |                1 |              1 |         1.00 |
|  u_cpu.clk   | _0266_        | _0422_[0]        |                1 |              1 |         1.00 |
|  u_cpu.clk   | _0264_        | _0422_[0]        |                1 |              1 |         1.00 |
|  u_cpu.clk   | _0270_        | _0422_[0]        |                1 |              1 |         1.00 |
|  u_cpu.clk   | _0265_        | _0422_[0]        |                1 |              1 |         1.00 |
|  u_cpu.clk   | _0288_        | _0422_[0]        |                2 |              2 |         1.00 |
|  _0361_      | _0311_        |                  |                1 |              3 |         3.00 |
|  u_cpu.clk   |               |                  |                1 |              4 |         4.00 |
|  _0361_      | _0309_        |                  |                4 |              6 |         1.50 |
|  u_cpu.clk   | _0263_        | _0422_[0]        |                2 |              8 |         4.00 |
|  u_cpu.clk   | _0259_        | _0422_[0]        |                3 |              8 |         2.67 |
|  u_cpu.clk   | _0262_        | _0422_[0]        |                2 |              8 |         4.00 |
|  _0361_      | _0314_        |                  |                1 |              8 |         8.00 |
|  _0361_      | _0312_        |                  |                1 |              8 |         8.00 |
|  u_cpu.clk   | _0261_        | _0422_[0]        |                4 |              8 |         2.00 |
|  u_cpu.clk   | _0271_        |                  |                5 |              8 |         1.60 |
|  u_cpu.clk   | _0260_        | _0422_[0]        |                4 |              8 |         2.00 |
|  u_cpu.clk   | Set_Kbd_Ctl   | _0422_[0]        |                5 |              8 |         1.60 |
|  _0361_      | _0313_        |                  |                1 |              8 |         8.00 |
|  _0361_      | _0482_[0]     |                  |                4 |              8 |         2.00 |
|  _0361_      | _0310_        |                  |                3 |              8 |         2.67 |
|  u_cpu.clk   | _0289_        | _0422_[0]        |                8 |             16 |         2.00 |
|  u_cpu.clk   |               | _0422_[0]        |               20 |             24 |         1.20 |
|  _0361_      | _0258_        |                  |               11 |             25 |         2.27 |
|  u_cpu.clk   | _0181_[7]     | _0422_[0]        |               22 |             28 |         1.27 |
|  u_cpu.clk   | _0005_[3]     | _0422_[0]        |               11 |             32 |         2.91 |
|  _0361_      | _0462_[1]     |                  |               16 |             41 |         2.56 |
+--------------+---------------+------------------+------------------+----------------+--------------+


